0
0
0
0
0
0
1
1
1
1
1
0
2
2
2
2
2
32
3
3
3
3
3
324
4
4
4
4
4
1536
5
5
5
5
5
5000
6
6
6
6
6
12960
7
7
7
7
7
28812
8
8
8
8
8
57344
9
9
9
9
9
104976
10
10
10
10
10
180000
0
